Component: ARM Compiler 5.06 update 6 (build 750) Tool: armlink [4d35ed]

==============================================================================

Section Cross References

    system_xmc4400.o(.text) refers to startup_xmc4400.o(.text) for AllowPLLInitByStartup
    system_xmc4400.o(.text) refers to system_xmc4400.o(.data) for SystemCoreClock
    startup_xmc4400.o(RESET) refers to startup_xmc4400.o(STACK) for __initial_sp
    startup_xmc4400.o(RESET) refers to startup_xmc4400.o(.text) for Reset_Handler
    startup_xmc4400.o(RESET) refers to port.o(.emb_text) for PendSV_Handler_Veneer
    startup_xmc4400.o(.text) refers to startup_xmc4400.o(RESET) for __Vectors
    startup_xmc4400.o(.text) refers to startup_xmc4400.o(STACK) for __initial_sp
    startup_xmc4400.o(.text) refers to system_xmc4400.o(.text) for SystemInit
    startup_xmc4400.o(.text) refers to entry.o(.ARM.Collect$$$$00000000) for __main
    startup_xmc4400.o(.text) refers to port.o(.emb_text) for SVC_Handler
    startup_xmc4400.o(.text) refers to port.o(.text) for SysTick_Handler
    main.o(.text) refers to main_blinky.o(.text) for main_blinky
    regtest.o(.emb_text) refers to main_full.o(.data) for ulRegTest1LoopCounter
    main_full.o(.text) refers to sp_flop.o(.text) for xAreMathsTaskStillRunning
    main_full.o(.text) refers to dynamic.o(.text) for xAreDynamicPriorityTasksStillRunning
    main_full.o(.text) refers to blocktim.o(.text) for xAreBlockTimeTestTasksStillRunning
    main_full.o(.text) refers to genqtest.o(.text) for xAreGenericQueueTasksStillRunning
    main_full.o(.text) refers to recmutex.o(.text) for xAreRecursiveMutexTasksStillRunning
    main_full.o(.text) refers to semtest.o(.text) for xAreSemaphoreTasksStillRunning
    main_full.o(.text) refers to timers.o(.text) for xTimerGenericCommand
    main_full.o(.text) refers to countsem.o(.text) for vStartCountingSemaphoreTasks
    main_full.o(.text) refers to tasks.o(.text) for xTaskCreate
    main_full.o(.text) refers to main_full.o(.data) for ulLastRegTest1Value
    main_full.o(.text) refers to regtest.o(.emb_text) for vRegTest1Task
    main_blinky.o(.text) refers to tasks.o(.text) for xTaskGetTickCount
    main_blinky.o(.text) refers to queue.o(.text) for xQueueGenericSend
    main_blinky.o(.text) refers to main_blinky.o(.data) for xQueue
    timers.o(.text) refers to list.o(.text) for vListInsert
    timers.o(.text) refers to tasks.o(.text) for xTaskGetSchedulerState
    timers.o(.text) refers to queue.o(.text) for xQueueGenericSend
    timers.o(.text) refers to heap_4.o(.text) for vPortFree
    timers.o(.text) refers to port.o(.text) for vPortEnterCritical
    timers.o(.text) refers to timers.o(.data) for pxOverflowTimerList
    timers.o(.text) refers to timers.o(.bss) for xActiveTimerList1
    queue.o(.text) refers to port.o(.text) for vPortEnterCritical
    queue.o(.text) refers to tasks.o(.text) for xTaskRemoveFromEventList
    queue.o(.text) refers to list.o(.text) for vListInitialise
    queue.o(.text) refers to heap_4.o(.text) for pvPortMalloc
    queue.o(.text) refers to memcpya.o(.text) for __aeabi_memcpy
    queue.o(.text) refers to queue.o(.bss) for xQueueRegistry
    tasks.o(.text) refers to list.o(.text) for vListInitialise
    tasks.o(.text) refers to port.o(.text) for vPortEnterCritical
    tasks.o(.text) refers to memseta.o(.text) for __aeabi_memset
    tasks.o(.text) refers to heap_4.o(.text) for pvPortMalloc
    tasks.o(.text) refers to tasks.o(.bss) for pxReadyTasksLists
    tasks.o(.text) refers to tasks.o(.data) for pxDelayedTaskList
    tasks.o(.text) refers to main.o(.text) for vApplicationStackOverflowHook
    tasks.o(.text) refers to timers.o(.text) for xTimerCreateTimerTask
    port.o(.emb_text) refers to tasks.o(.text) for vTaskSwitchContext
    port.o(.emb_text) refers to tasks.o(.data) for pxCurrentTCB
    port.o(.text) refers to port.o(.emb_text) for __asm___6_port_c_39a90d8d__prvEnableVFP
    port.o(.text) refers to tasks.o(.text) for xTaskIncrementTick
    port.o(.text) refers to port.o(.data) for uxCriticalNesting
    port.o(.text) refers to system_xmc4400.o(.data) for SystemCoreClock
    heap_4.o(.text) refers to tasks.o(.text) for vTaskSuspendAll
    heap_4.o(.text) refers to main.o(.text) for vApplicationMallocFailedHook
    heap_4.o(.text) refers to port.o(.text) for vPortEnterCritical
    heap_4.o(.text) refers to heap_4.o(.data) for xStart
    heap_4.o(.text) refers to heap_4.o(.bss) for ucHeap
    semtest.o(.text) refers to port.o(.text) for vPortEnterCritical
    semtest.o(.text) refers to queue.o(.text) for xQueueSemaphoreTake
    semtest.o(.text) refers to tasks.o(.text) for vTaskDelay
    semtest.o(.text) refers to heap_4.o(.text) for pvPortMalloc
    semtest.o(.text) refers to semtest.o(.data) for sNextCheckVariable
    sp_flop.o(.text) refers to heap_4.o(.text) for pvPortMalloc
    sp_flop.o(.text) refers to f2d.o(.text) for __aeabi_f2d
    sp_flop.o(.text) refers to fabs.o(i.__hardfp_fabs) for __hardfp_fabs
    sp_flop.o(.text) refers to cdrcmple.o(.text) for __aeabi_cdrcmple
    sp_flop.o(.text) refers to tasks.o(.text) for xTaskCreate
    sp_flop.o(.text) refers to sp_flop.o(.bss) for usTaskCheck
    blocktim.o(.text) refers to tasks.o(.text) for vTaskSuspend
    blocktim.o(.text) refers to queue.o(.text) for xQueueGenericSend
    blocktim.o(.text) refers to blocktim.o(.data) for xRunIndicator
    countsem.o(.text) refers to queue.o(.text) for xQueueGenericSend
    countsem.o(.text) refers to tasks.o(.text) for xTaskCreate
    countsem.o(.text) refers to countsem.o(.data) for xErrorDetected
    countsem.o(.text) refers to countsem.o(.bss) for xParameters
    dynamic.o(.text) refers to tasks.o(.text) for vTaskSuspendAll
    dynamic.o(.text) refers to queue.o(.text) for xQueueReceive
    dynamic.o(.text) refers to port.o(.text) for vPortEnterCritical
    dynamic.o(.text) refers to dynamic.o(.data) for xSuspendedTestQueue
    genqtest.o(.text) refers to tasks.o(.text) for vTaskSuspend
    genqtest.o(.text) refers to queue.o(.text) for xQueueSemaphoreTake
    genqtest.o(.text) refers to genqtest.o(.data) for xBlockWasAborted
    recmutex.o(.text) refers to queue.o(.text) for xQueueTakeMutexRecursive
    recmutex.o(.text) refers to tasks.o(.text) for vTaskResume
    recmutex.o(.text) refers to recmutex.o(.data) for xMutex
    fabs.o(i.__hardfp_fabs) refers (Special) to iusefp.o(.text) for __I$use$fp
    fabs.o(i.__softfp_fabs) refers (Special) to iusefp.o(.text) for __I$use$fp
    fabs.o(i.fabs) refers (Special) to iusefp.o(.text) for __I$use$fp
    entry.o(.ARM.Collect$$$$00000000) refers (Special) to entry10a.o(.ARM.Collect$$$$0000000D) for __rt_final_cpp
    entry.o(.ARM.Collect$$$$00000000) refers (Special) to entry11a.o(.ARM.Collect$$$$0000000F) for __rt_final_exit
    entry.o(.ARM.Collect$$$$00000000) refers (Special) to entry7b.o(.ARM.Collect$$$$00000008) for _main_clock
    entry.o(.ARM.Collect$$$$00000000) refers (Special) to entry8b.o(.ARM.Collect$$$$0000000A) for _main_cpp_init
    entry.o(.ARM.Collect$$$$00000000) refers (Special) to entry9a.o(.ARM.Collect$$$$0000000B) for _main_init
    entry.o(.ARM.Collect$$$$00000000) refers (Special) to entry5.o(.ARM.Collect$$$$00000004) for _main_scatterload
    entry.o(.ARM.Collect$$$$00000000) refers (Special) to entry2.o(.ARM.Collect$$$$00000001) for _main_stk
    f2d.o(.text) refers (Special) to iusefp.o(.text) for __I$use$fp
    cdrcmple.o(.text) refers (Special) to iusefp.o(.text) for __I$use$fp
    entry2.o(.ARM.Collect$$$$00000001) refers to entry2.o(.ARM.Collect$$$$00002712) for __lit__00000000
    entry2.o(.ARM.Collect$$$$00002712) refers to startup_xmc4400.o(STACK) for __initial_sp
    entry2.o(__vectab_stack_and_reset_area) refers to startup_xmc4400.o(STACK) for __initial_sp
    entry2.o(__vectab_stack_and_reset_area) refers to entry.o(.ARM.Collect$$$$00000000) for __main
    entry5.o(.ARM.Collect$$$$00000004) refers to init.o(.text) for __scatterload
    entry9a.o(.ARM.Collect$$$$0000000B) refers to main.o(.text) for main
    entry9b.o(.ARM.Collect$$$$0000000C) refers to main.o(.text) for main
    init.o(.text) refers to entry5.o(.ARM.Collect$$$$00000004) for __main_after_scatterload


==============================================================================

Removing Unused input sections from the image.

    Removing system_xmc4400.o(.rev16_text), (4 bytes).
    Removing system_xmc4400.o(.revsh_text), (4 bytes).
    Removing system_xmc4400.o(.rrx_text), (6 bytes).
    Removing startup_xmc4400.o(HEAP), (512 bytes).
    Removing main.o(.rev16_text), (4 bytes).
    Removing main.o(.revsh_text), (4 bytes).
    Removing main.o(.rrx_text), (6 bytes).
    Removing regtest.o(.emb_text), (998 bytes).
    Removing main_full.o(.rev16_text), (4 bytes).
    Removing main_full.o(.revsh_text), (4 bytes).
    Removing main_full.o(.rrx_text), (6 bytes).
    Removing main_full.o(.text), (340 bytes).
    Removing main_full.o(.data), (20 bytes).
    Removing main_blinky.o(.rev16_text), (4 bytes).
    Removing main_blinky.o(.revsh_text), (4 bytes).
    Removing main_blinky.o(.rrx_text), (6 bytes).
    Removing timers.o(.rev16_text), (4 bytes).
    Removing timers.o(.revsh_text), (4 bytes).
    Removing timers.o(.rrx_text), (6 bytes).
    Removing list.o(.rev16_text), (4 bytes).
    Removing list.o(.revsh_text), (4 bytes).
    Removing list.o(.rrx_text), (6 bytes).
    Removing queue.o(.rev16_text), (4 bytes).
    Removing queue.o(.revsh_text), (4 bytes).
    Removing queue.o(.rrx_text), (6 bytes).
    Removing tasks.o(.rev16_text), (4 bytes).
    Removing tasks.o(.revsh_text), (4 bytes).
    Removing tasks.o(.rrx_text), (6 bytes).
    Removing port.o(.rev16_text), (4 bytes).
    Removing port.o(.revsh_text), (4 bytes).
    Removing port.o(.rrx_text), (6 bytes).
    Removing heap_4.o(.rev16_text), (4 bytes).
    Removing heap_4.o(.revsh_text), (4 bytes).
    Removing heap_4.o(.rrx_text), (6 bytes).
    Removing semtest.o(.rev16_text), (4 bytes).
    Removing semtest.o(.revsh_text), (4 bytes).
    Removing semtest.o(.rrx_text), (6 bytes).
    Removing semtest.o(.text), (536 bytes).
    Removing semtest.o(.data), (18 bytes).
    Removing sp_flop.o(.rev16_text), (4 bytes).
    Removing sp_flop.o(.revsh_text), (4 bytes).
    Removing sp_flop.o(.rrx_text), (6 bytes).
    Removing sp_flop.o(.text), (1140 bytes).
    Removing sp_flop.o(.bss), (32 bytes).
    Removing blocktim.o(.rev16_text), (4 bytes).
    Removing blocktim.o(.revsh_text), (4 bytes).
    Removing blocktim.o(.rrx_text), (6 bytes).
    Removing blocktim.o(.text), (1252 bytes).
    Removing blocktim.o(.data), (32 bytes).
    Removing countsem.o(.rev16_text), (4 bytes).
    Removing countsem.o(.revsh_text), (4 bytes).
    Removing countsem.o(.rrx_text), (6 bytes).
    Removing countsem.o(.text), (584 bytes).
    Removing countsem.o(.bss), (24 bytes).
    Removing countsem.o(.data), (12 bytes).
    Removing dynamic.o(.rev16_text), (4 bytes).
    Removing dynamic.o(.revsh_text), (4 bytes).
    Removing dynamic.o(.rrx_text), (6 bytes).
    Removing dynamic.o(.text), (744 bytes).
    Removing dynamic.o(.data), (44 bytes).
    Removing genqtest.o(.rev16_text), (4 bytes).
    Removing genqtest.o(.revsh_text), (4 bytes).
    Removing genqtest.o(.rrx_text), (6 bytes).
    Removing genqtest.o(.text), (1600 bytes).
    Removing genqtest.o(.data), (36 bytes).
    Removing recmutex.o(.rev16_text), (4 bytes).
    Removing recmutex.o(.revsh_text), (4 bytes).
    Removing recmutex.o(.rrx_text), (6 bytes).
    Removing recmutex.o(.text), (720 bytes).
    Removing recmutex.o(.data), (48 bytes).
    Removing f2d.o(.text), (38 bytes).
    Removing cdrcmple.o(.text), (48 bytes).

72 unused section(s) (total 9016 bytes) removed from the image.

==============================================================================

Image Symbol Table

    Local Symbols

    Symbol Name                              Value     Ov Type        Size  Object(Section)

    ../clib/microlib/init/entry.s            0x00000000   Number         0  entry7a.o ABSOLUTE
    ../clib/microlib/init/entry.s            0x00000000   Number         0  entry7b.o ABSOLUTE
    ../clib/microlib/init/entry.s            0x00000000   Number         0  entry.o ABSOLUTE
    ../clib/microlib/init/entry.s            0x00000000   Number         0  entry9b.o ABSOLUTE
    ../clib/microlib/init/entry.s            0x00000000   Number         0  entry10a.o ABSOLUTE
    ../clib/microlib/init/entry.s            0x00000000   Number         0  entry9a.o ABSOLUTE
    ../clib/microlib/init/entry.s            0x00000000   Number         0  entry10b.o ABSOLUTE
    ../clib/microlib/init/entry.s            0x00000000   Number         0  entry11a.o ABSOLUTE
    ../clib/microlib/init/entry.s            0x00000000   Number         0  entry8b.o ABSOLUTE
    ../clib/microlib/init/entry.s            0x00000000   Number         0  entry11b.o ABSOLUTE
    ../clib/microlib/init/entry.s            0x00000000   Number         0  entry2.o ABSOLUTE
    ../clib/microlib/init/entry.s            0x00000000   Number         0  entry5.o ABSOLUTE
    ../clib/microlib/init/entry.s            0x00000000   Number         0  entry8a.o ABSOLUTE
    ../clib/microlib/string/memcpy.c         0x00000000   Number         0  memcpya.o ABSOLUTE
    ../clib/microlib/string/memcpy.c         0x00000000   Number         0  memcpyb.o ABSOLUTE
    ../clib/microlib/string/memset.c         0x00000000   Number         0  memseta.o ABSOLUTE
    ../clib/microlib/stubs.s                 0x00000000   Number         0  iusefp.o ABSOLUTE
    ../fplib/microlib/f2d.c                  0x00000000   Number         0  f2d.o ABSOLUTE
    ../mathlib/fabs.c                        0x00000000   Number         0  fabs.o ABSOLUTE
    ..\..\Source\list.c                      0x00000000   Number         0  list.o ABSOLUTE
    ..\..\Source\portable\MemMang\heap_4.c   0x00000000   Number         0  heap_4.o ABSOLUTE
    ..\..\Source\portable\RVDS\ARM_CM4F\port.c 0x00000000   Number         0  port.o ABSOLUTE
    ..\..\Source\queue.c                     0x00000000   Number         0  queue.o ABSOLUTE
    ..\..\Source\tasks.c                     0x00000000   Number         0  tasks.o ABSOLUTE
    ..\..\Source\timers.c                    0x00000000   Number         0  timers.o ABSOLUTE
    ..\Common\Minimal\GenQTest.c             0x00000000   Number         0  genqtest.o ABSOLUTE
    ..\Common\Minimal\blocktim.c             0x00000000   Number         0  blocktim.o ABSOLUTE
    ..\Common\Minimal\countsem.c             0x00000000   Number         0  countsem.o ABSOLUTE
    ..\Common\Minimal\dynamic.c              0x00000000   Number         0  dynamic.o ABSOLUTE
    ..\Common\Minimal\recmutex.c             0x00000000   Number         0  recmutex.o ABSOLUTE
    ..\Common\Minimal\semtest.c              0x00000000   Number         0  semtest.o ABSOLUTE
    ..\Common\Minimal\sp_flop.c              0x00000000   Number         0  sp_flop.o ABSOLUTE
    ..\\..\\Source\\list.c                   0x00000000   Number         0  list.o ABSOLUTE
    ..\\..\\Source\\portable\\MemMang\\heap_4.c 0x00000000   Number         0  heap_4.o ABSOLUTE
    ..\\..\\Source\\portable\\RVDS\\ARM_CM4F\\port.c 0x00000000   Number         0  port.o ABSOLUTE
    ..\\..\\Source\\queue.c                  0x00000000   Number         0  queue.o ABSOLUTE
    ..\\..\\Source\\tasks.c                  0x00000000   Number         0  tasks.o ABSOLUTE
    ..\\..\\Source\\timers.c                 0x00000000   Number         0  timers.o ABSOLUTE
    ..\\Common\\Minimal\\GenQTest.c          0x00000000   Number         0  genqtest.o ABSOLUTE
    ..\\Common\\Minimal\\blocktim.c          0x00000000   Number         0  blocktim.o ABSOLUTE
    ..\\Common\\Minimal\\countsem.c          0x00000000   Number         0  countsem.o ABSOLUTE
    ..\\Common\\Minimal\\dynamic.c           0x00000000   Number         0  dynamic.o ABSOLUTE
    ..\\Common\\Minimal\\recmutex.c          0x00000000   Number         0  recmutex.o ABSOLUTE
    ..\\Common\\Minimal\\semtest.c           0x00000000   Number         0  semtest.o ABSOLUTE
    ..\\Common\\Minimal\\sp_flop.c           0x00000000   Number         0  sp_flop.o ABSOLUTE
    RegTest.c                                0x00000000   Number         0  regtest.o ABSOLUTE
    RegTest.c                                0x00000000   Number         0  regtest.o ABSOLUTE
    cdrcmple.s                               0x00000000   Number         0  cdrcmple.o ABSOLUTE
    dc.s                                     0x00000000   Number         0  dc.o ABSOLUTE
    handlers.s                               0x00000000   Number         0  handlers.o ABSOLUTE
    init.s                                   0x00000000   Number         0  init.o ABSOLUTE
    main.c                                   0x00000000   Number         0  main.o ABSOLUTE
    main.c                                   0x00000000   Number         0  main.o ABSOLUTE
    main_blinky.c                            0x00000000   Number         0  main_blinky.o ABSOLUTE
    main_blinky.c                            0x00000000   Number         0  main_blinky.o ABSOLUTE
    main_full.c                              0x00000000   Number         0  main_full.o ABSOLUTE
    main_full.c                              0x00000000   Number         0  main_full.o ABSOLUTE
    startup_XMC4400.s                        0x00000000   Number         0  startup_xmc4400.o ABSOLUTE
    system_XMC4400.c                         0x00000000   Number         0  system_xmc4400.o ABSOLUTE
    system_XMC4400.c                         0x00000000   Number         0  system_xmc4400.o ABSOLUTE
    RESET                                    0x08000000   Section      512  startup_xmc4400.o(RESET)
    .ARM.Collect$$$$00000000                 0x08000200   Section        0  entry.o(.ARM.Collect$$$$00000000)
    .ARM.Collect$$$$00000001                 0x08000200   Section        4  entry2.o(.ARM.Collect$$$$00000001)
    .ARM.Collect$$$$00000004                 0x08000204   Section        4  entry5.o(.ARM.Collect$$$$00000004)
    .ARM.Collect$$$$00000008                 0x08000208   Section        0  entry7b.o(.ARM.Collect$$$$00000008)
    .ARM.Collect$$$$0000000A                 0x08000208   Section        0  entry8b.o(.ARM.Collect$$$$0000000A)
    .ARM.Collect$$$$0000000B                 0x08000208   Section        8  entry9a.o(.ARM.Collect$$$$0000000B)
    .ARM.Collect$$$$0000000D                 0x08000210   Section        0  entry10a.o(.ARM.Collect$$$$0000000D)
    .ARM.Collect$$$$0000000F                 0x08000210   Section        0  entry11a.o(.ARM.Collect$$$$0000000F)
    .ARM.Collect$$$$00002712                 0x08000210   Section        4  entry2.o(.ARM.Collect$$$$00002712)
    __lit__00000000                          0x08000210   Data           4  entry2.o(.ARM.Collect$$$$00002712)
    .emb_text                                0x08000214   Section      198  port.o(.emb_text)
    $v0                                      0x08000214   Number         0  port.o(.emb_text)
    .text                                    0x080002dc   Section        0  system_xmc4400.o(.text)
    SystemClockSetup                         0x08000377   Thumb Code   660  system_xmc4400.o(.text)
    .text                                    0x08000684   Section     1760  startup_xmc4400.o(.text)
    $v0                                      0x08000684   Number         0  startup_xmc4400.o(.text)
    .text                                    0x08000d64   Section        0  main.o(.text)
    prvSetupHardware                         0x08000d65   Thumb Code    38  main.o(.text)
    .text                                    0x08000dd4   Section        0  main_blinky.o(.text)
    prvQueueSendTask                         0x08000dd5   Thumb Code    80  main_blinky.o(.text)
    prvQueueReceiveTask                      0x08000e25   Thumb Code    74  main_blinky.o(.text)
    .text                                    0x08000ed0   Section        0  timers.o(.text)
    prvInsertTimerInActiveList               0x08000ed1   Thumb Code    80  timers.o(.text)
    prvSwitchTimerLists                      0x08000f9f   Thumb Code   154  timers.o(.text)
    prvSampleTimeNow                         0x08001039   Thumb Code    40  timers.o(.text)
    prvProcessReceivedCommands               0x08001061   Thumb Code   308  timers.o(.text)
    prvProcessExpiredTimer                   0x08001195   Thumb Code   110  timers.o(.text)
    prvProcessTimerOrBlockTask               0x08001203   Thumb Code   102  timers.o(.text)
    prvGetNextExpireTime                     0x08001269   Thumb Code    36  timers.o(.text)
    prvTimerTask                             0x0800128d   Thumb Code    26  timers.o(.text)
    prvCheckForValidListAndQueue             0x080012a7   Thumb Code   110  timers.o(.text)
    prvInitialiseNewTimer                    0x08001357   Thumb Code    88  timers.o(.text)
    .text                                    0x080015a0   Section        0  list.o(.text)
    .text                                    0x08001634   Section        0  queue.o(.text)
    prvInitialiseNewQueue                    0x080016c7   Thumb Code    42  queue.o(.text)
    prvUnlockQueue                           0x08001793   Thumb Code   126  queue.o(.text)
    prvIsQueueFull                           0x08001811   Thumb Code    30  queue.o(.text)
    prvCopyDataToQueue                       0x0800182f   Thumb Code   126  queue.o(.text)
    prvInitialiseMutex                       0x08001a51   Thumb Code    30  queue.o(.text)
    prvGetDisinheritPriorityAfterTimeout     0x08001add   Thumb Code    20  queue.o(.text)
    prvIsQueueEmpty                          0x08001af1   Thumb Code    26  queue.o(.text)
    prvCopyDataFromQueue                     0x08001f91   Thumb Code    42  queue.o(.text)
    .text                                    0x08002668   Section        0  tasks.o(.text)
    prvInitialiseTaskLists                   0x08002669   Thumb Code    70  tasks.o(.text)
    prvAddNewTaskToReadyList                 0x080026af   Thumb Code   156  tasks.o(.text)
    prvInitialiseNewTask                     0x0800274b   Thumb Code   224  tasks.o(.text)
    prvResetNextTaskUnblockTime              0x0800288b   Thumb Code    40  tasks.o(.text)
    prvDeleteTCB                             0x080028b3   Thumb Code    18  tasks.o(.text)
    prvAddCurrentTaskToDelayedList           0x08002bd9   Thumb Code   124  tasks.o(.text)
    prvTaskIsTaskSuspended                   0x08003137   Thumb Code    80  tasks.o(.text)
    prvCheckTasksWaitingTermination          0x080032ab   Thumb Code   110  tasks.o(.text)
    prvIdleTask                              0x08003319   Thumb Code    32  tasks.o(.text)
    prvTaskCheckFreeStackSpace               0x0800341b   Thumb Code    22  tasks.o(.text)
    prvListTasksWithinSingleList             0x080034af   Thumb Code   106  tasks.o(.text)
    .text                                    0x080041e8   Section        0  port.o(.text)
    prvTaskExitError                         0x080041e9   Thumb Code    60  port.o(.text)
    .text                                    0x08004554   Section        0  heap_4.o(.text)
    prvInsertBlockIntoFreeList               0x08004555   Thumb Code    96  heap_4.o(.text)
    prvHeapInit                              0x080045b5   Thumb Code    98  heap_4.o(.text)
    .text                                    0x080048a0   Section        0  memcpya.o(.text)
    .text                                    0x080048c4   Section        0  memseta.o(.text)
    .text                                    0x080048e8   Section       36  init.o(.text)
    i.__scatterload_copy                     0x0800490c   Section       14  handlers.o(i.__scatterload_copy)
    i.__scatterload_null                     0x0800491a   Section        2  handlers.o(i.__scatterload_null)
    i.__scatterload_zeroinit                 0x0800491c   Section       14  handlers.o(i.__scatterload_zeroinit)
    .data                                    0x20000000   Section        4  system_xmc4400.o(.data)
    .data                                    0x20000004   Section        4  main_blinky.o(.data)
    xQueue                                   0x20000004   Data           4  main_blinky.o(.data)
    .data                                    0x20000008   Section       20  timers.o(.data)
    pxCurrentTimerList                       0x20000008   Data           4  timers.o(.data)
    pxOverflowTimerList                      0x2000000c   Data           4  timers.o(.data)
    xTimerQueue                              0x20000010   Data           4  timers.o(.data)
    xTimerTaskHandle                         0x20000014   Data           4  timers.o(.data)
    xLastTime                                0x20000018   Data           4  timers.o(.data)
    .data                                    0x2000001c   Section       64  tasks.o(.data)
    pxDelayedTaskList                        0x20000020   Data           4  tasks.o(.data)
    pxOverflowDelayedTaskList                0x20000024   Data           4  tasks.o(.data)
    uxDeletedTasksWaitingCleanUp             0x20000028   Data           4  tasks.o(.data)
    uxCurrentNumberOfTasks                   0x2000002c   Data           4  tasks.o(.data)
    xTickCount                               0x20000030   Data           4  tasks.o(.data)
    uxTopReadyPriority                       0x20000034   Data           4  tasks.o(.data)
    xSchedulerRunning                        0x20000038   Data           4  tasks.o(.data)
    xPendedTicks                             0x2000003c   Data           4  tasks.o(.data)
    xYieldPending                            0x20000040   Data           4  tasks.o(.data)
    xNumOfOverflows                          0x20000044   Data           4  tasks.o(.data)
    uxTaskNumber                             0x20000048   Data           4  tasks.o(.data)
    xNextTaskUnblockTime                     0x2000004c   Data           4  tasks.o(.data)
    xIdleTaskHandle                          0x20000050   Data           4  tasks.o(.data)
    uxSchedulerSuspended                     0x20000058   Data           4  tasks.o(.data)
    .data                                    0x2000005c   Section       12  port.o(.data)
    uxCriticalNesting                        0x2000005c   Data           4  port.o(.data)
    ucMaxSysCallPriority                     0x20000060   Data           1  port.o(.data)
    ulMaxPRIGROUPValue                       0x20000064   Data           4  port.o(.data)
    .data                                    0x20000068   Section       32  heap_4.o(.data)
    xStart                                   0x20000068   Data           8  heap_4.o(.data)
    pxEnd                                    0x20000070   Data           4  heap_4.o(.data)
    xFreeBytesRemaining                      0x20000074   Data           4  heap_4.o(.data)
    xMinimumEverFreeBytesRemaining           0x20000078   Data           4  heap_4.o(.data)
    xNumberOfSuccessfulAllocations           0x2000007c   Data           4  heap_4.o(.data)
    xNumberOfSuccessfulFrees                 0x20000080   Data           4  heap_4.o(.data)
    xBlockAllocatedBit                       0x20000084   Data           4  heap_4.o(.data)
    .bss                                     0x20000088   Section       40  timers.o(.bss)
    xActiveTimerList1                        0x20000088   Data          20  timers.o(.bss)
    xActiveTimerList2                        0x2000009c   Data          20  timers.o(.bss)
    .bss                                     0x200000b0   Section       64  queue.o(.bss)
    .bss                                     0x200000f0   Section      200  tasks.o(.bss)
    pxReadyTasksLists                        0x200000f0   Data         100  tasks.o(.bss)
    xDelayedTaskList1                        0x20000154   Data          20  tasks.o(.bss)
    xDelayedTaskList2                        0x20000168   Data          20  tasks.o(.bss)
    xPendingReadyList                        0x2000017c   Data          20  tasks.o(.bss)
    xTasksWaitingTermination                 0x20000190   Data          20  tasks.o(.bss)
    xSuspendedTaskList                       0x200001a4   Data          20  tasks.o(.bss)
    .bss                                     0x200001b8   Section    22800  heap_4.o(.bss)
    ucHeap                                   0x200001b8   Data       22800  heap_4.o(.bss)
    STACK                                    0x20005ac8   Section     1024  startup_xmc4400.o(STACK)

    Global Symbols

    Symbol Name                              Value     Ov Type        Size  Object(Section)

    BuildAttributes$$THM_ISAv4$E$P$D$K$B$S$7EM$VFPi3$EXTD16$VFPS$VFMA$PE$A:L22UL41UL21$X:L11$S22US41US21$IEEE1$IW$USESV6$~STKCKD$USESV7$~SHL$OTIME$ROPI$IEEEJ$EBA8$MICROLIB$REQ8$PRES8$EABIv2 0x00000000   Number         0  anon$$obj.o ABSOLUTE
    __ARM_use_no_argv                        0x00000000   Number         0  main.o ABSOLUTE
    __cpp_initialize__aeabi_                  - Undefined Weak Reference
    __cxa_finalize                            - Undefined Weak Reference
    __decompress                              - Undefined Weak Reference
    _clock_init                               - Undefined Weak Reference
    _microlib_exit                            - Undefined Weak Reference
    __Vectors_Size                           0x00000200   Number         0  startup_xmc4400.o ABSOLUTE
    __Vectors                                0x08000000   Data           0  startup_xmc4400.o(RESET)
    __Vectors_End                            0x08000200   Data           0  startup_xmc4400.o(RESET)
    __main                                   0x08000201   Thumb Code     0  entry.o(.ARM.Collect$$$$00000000)
    _main_stk                                0x08000201   Thumb Code     0  entry2.o(.ARM.Collect$$$$00000001)
    _main_scatterload                        0x08000205   Thumb Code     0  entry5.o(.ARM.Collect$$$$00000004)
    __main_after_scatterload                 0x08000209   Thumb Code     0  entry5.o(.ARM.Collect$$$$00000004)
    _main_clock                              0x08000209   Thumb Code     0  entry7b.o(.ARM.Collect$$$$00000008)
    _main_cpp_init                           0x08000209   Thumb Code     0  entry8b.o(.ARM.Collect$$$$0000000A)
    _main_init                               0x08000209   Thumb Code     0  entry9a.o(.ARM.Collect$$$$0000000B)
    __rt_final_cpp                           0x08000211   Thumb Code     0  entry10a.o(.ARM.Collect$$$$0000000D)
    __rt_final_exit                          0x08000211   Thumb Code     0  entry11a.o(.ARM.Collect$$$$0000000F)
    SVC_Handler                              0x08000215   Thumb Code    28  port.o(.emb_text)
    __asm___6_port_c_39a90d8d__prvStartFirstTask 0x08000235   Thumb Code    36  port.o(.emb_text)
    __asm___6_port_c_39a90d8d__prvEnableVFP  0x0800025d   Thumb Code    16  port.o(.emb_text)
    PendSV_Handler_Veneer                    0x08000271   Thumb Code    94  port.o(.emb_text)
    vPortGetIPSR                             0x080002d5   Thumb Code     6  port.o(.emb_text)
    SystemCoreClockUpdate                    0x080002dd   Thumb Code   154  system_xmc4400.o(.text)
    SystemInit                               0x0800060b   Thumb Code    66  system_xmc4400.o(.text)
    Reset_Handler                            0x08000685   Thumb Code    28  startup_xmc4400.o(.text)
    NMI_Handler                              0x080006a1   Thumb Code     2  startup_xmc4400.o(.text)
    NMI_Handler_Veneer                       0x080006a3   Thumb Code    38  startup_xmc4400.o(.text)
    HardFault_Handler                        0x080006c9   Thumb Code     2  startup_xmc4400.o(.text)
    HardFault_Handler_Veneer                 0x080006cb   Thumb Code    14  startup_xmc4400.o(.text)
    MemManage_Handler                        0x080006d9   Thumb Code     2  startup_xmc4400.o(.text)
    MemManage_Handler_Veneer                 0x080006db   Thumb Code    14  startup_xmc4400.o(.text)
    BusFault_Handler                         0x080006e9   Thumb Code     2  startup_xmc4400.o(.text)
    BusFault_Handler_Veneer                  0x080006eb   Thumb Code    14  startup_xmc4400.o(.text)
    UsageFault_Handler                       0x080006f9   Thumb Code     2  startup_xmc4400.o(.text)
    UsageFault_Handler_Veneer                0x080006fb   Thumb Code    14  startup_xmc4400.o(.text)
    SVC_Handler_Veneer                       0x0800070b   Thumb Code    14  startup_xmc4400.o(.text)
    DebugMon_Handler                         0x08000719   Thumb Code     2  startup_xmc4400.o(.text)
    DebugMon_Handler_Veneer                  0x0800071b   Thumb Code    14  startup_xmc4400.o(.text)
    PendSV_Handler                           0x08000729   Thumb Code     2  startup_xmc4400.o(.text)
    SysTick_Handler_Veneer                   0x0800073b   Thumb Code    14  startup_xmc4400.o(.text)
    SCU_0_IRQHandler                         0x08000749   Thumb Code     2  startup_xmc4400.o(.text)
    SCU_0_IRQHandler_Veneer                  0x0800074b   Thumb Code    14  startup_xmc4400.o(.text)
    ERU0_0_IRQHandler                        0x08000759   Thumb Code     2  startup_xmc4400.o(.text)
    ERU0_0_IRQHandler_Veneer                 0x0800075b   Thumb Code    14  startup_xmc4400.o(.text)
    ERU0_1_IRQHandler                        0x08000769   Thumb Code     2  startup_xmc4400.o(.text)
    ERU0_1_IRQHandler_Veneer                 0x0800076b   Thumb Code    14  startup_xmc4400.o(.text)
    ERU0_2_IRQHandler                        0x08000779   Thumb Code     2  startup_xmc4400.o(.text)
    ERU0_2_IRQHandler_Veneer                 0x0800077b   Thumb Code    14  startup_xmc4400.o(.text)
    ERU0_3_IRQHandler                        0x08000789   Thumb Code     2  startup_xmc4400.o(.text)
    ERU0_3_IRQHandler_Veneer                 0x0800078b   Thumb Code    14  startup_xmc4400.o(.text)
    ERU1_0_IRQHandler                        0x08000799   Thumb Code     2  startup_xmc4400.o(.text)
    ERU1_0_IRQHandler_Veneer                 0x0800079b   Thumb Code    14  startup_xmc4400.o(.text)
    ERU1_1_IRQHandler                        0x080007a9   Thumb Code     2  startup_xmc4400.o(.text)
    ERU1_1_IRQHandler_Veneer                 0x080007ab   Thumb Code    14  startup_xmc4400.o(.text)
    ERU1_2_IRQHandler                        0x080007b9   Thumb Code     2  startup_xmc4400.o(.text)
    ERU1_2_IRQHandler_Veneer                 0x080007bb   Thumb Code    14  startup_xmc4400.o(.text)
    ERU1_3_IRQHandler                        0x080007c9   Thumb Code     2  startup_xmc4400.o(.text)
    ERU1_3_IRQHandler_Veneer                 0x080007cb   Thumb Code    14  startup_xmc4400.o(.text)
    PMU0_0_IRQHandler                        0x080007d9   Thumb Code     2  startup_xmc4400.o(.text)
    PMU0_0_IRQHandler_Veneer                 0x080007db   Thumb Code    14  startup_xmc4400.o(.text)
    VADC0_C0_0_IRQHandler                    0x080007e9   Thumb Code     2  startup_xmc4400.o(.text)
    VADC0_C0_0_IRQHandler_Veneer             0x080007eb   Thumb Code    14  startup_xmc4400.o(.text)
    VADC0_C0_1_IRQHandler                    0x080007f9   Thumb Code     2  startup_xmc4400.o(.text)
    VADC0_C0_1_IRQHandler_Veneer             0x080007fb   Thumb Code    14  startup_xmc4400.o(.text)
    VADC0_C0_2_IRQHandler                    0x08000809   Thumb Code     2  startup_xmc4400.o(.text)
    VADC0_C0_2_IRQHandler_Veneer             0x0800080b   Thumb Code    14  startup_xmc4400.o(.text)
    VADC0_C0_3_IRQHandler                    0x08000819   Thumb Code     2  startup_xmc4400.o(.text)
    VADC0_C0_3_IRQHandler_Veneer             0x0800081b   Thumb Code    14  startup_xmc4400.o(.text)
    VADC0_G0_0_IRQHandler                    0x08000829   Thumb Code     2  startup_xmc4400.o(.text)
    VADC0_G0_0_IRQHandler_Veneer             0x0800082b   Thumb Code    14  startup_xmc4400.o(.text)
    VADC0_G0_1_IRQHandler                    0x08000839   Thumb Code     2  startup_xmc4400.o(.text)
    VADC0_G0_1_IRQHandler_Veneer             0x0800083b   Thumb Code    14  startup_xmc4400.o(.text)
    VADC0_G0_2_IRQHandler                    0x08000849   Thumb Code     2  startup_xmc4400.o(.text)
    VADC0_G0_2_IRQHandler_Veneer             0x0800084b   Thumb Code    14  startup_xmc4400.o(.text)
    VADC0_G0_3_IRQHandler                    0x08000859   Thumb Code     2  startup_xmc4400.o(.text)
    VADC0_G0_3_IRQHandler_Veneer             0x0800085b   Thumb Code    14  startup_xmc4400.o(.text)
    VADC0_G1_0_IRQHandler                    0x08000869   Thumb Code     2  startup_xmc4400.o(.text)
    VADC0_G1_0_IRQHandler_Veneer             0x0800086b   Thumb Code    14  startup_xmc4400.o(.text)
    VADC0_G1_1_IRQHandler                    0x08000879   Thumb Code     2  startup_xmc4400.o(.text)
    VADC0_G1_1_IRQHandler_Veneer             0x0800087b   Thumb Code    14  startup_xmc4400.o(.text)
    VADC0_G1_2_IRQHandler                    0x08000889   Thumb Code     2  startup_xmc4400.o(.text)
    VADC0_G1_2_IRQHandler_Veneer             0x0800088b   Thumb Code    14  startup_xmc4400.o(.text)
    VADC0_G1_3_IRQHandler                    0x08000899   Thumb Code     2  startup_xmc4400.o(.text)
    VADC0_G1_3_IRQHandler_Veneer             0x0800089b   Thumb Code    14  startup_xmc4400.o(.text)
    VADC0_G2_0_IRQHandler                    0x080008a9   Thumb Code     2  startup_xmc4400.o(.text)
    VADC0_G2_0_IRQHandler_Veneer             0x080008ab   Thumb Code    14  startup_xmc4400.o(.text)
    VADC0_G2_1_IRQHandler                    0x080008b9   Thumb Code     2  startup_xmc4400.o(.text)
    VADC0_G2_1_IRQHandler_Veneer             0x080008bb   Thumb Code    14  startup_xmc4400.o(.text)
    VADC0_G2_2_IRQHandler                    0x080008c9   Thumb Code     2  startup_xmc4400.o(.text)
    VADC0_G2_2_IRQHandler_Veneer             0x080008cb   Thumb Code    14  startup_xmc4400.o(.text)
    VADC0_G2_3_IRQHandler                    0x080008d9   Thumb Code     2  startup_xmc4400.o(.text)
    VADC0_G2_3_IRQHandler_Veneer             0x080008db   Thumb Code    14  startup_xmc4400.o(.text)
    VADC0_G3_0_IRQHandler                    0x080008e9   Thumb Code     2  startup_xmc4400.o(.text)
    VADC0_G3_0_IRQHandler_Veneer             0x080008eb   Thumb Code    14  startup_xmc4400.o(.text)
    VADC0_G3_1_IRQHandler                    0x080008f9   Thumb Code     2  startup_xmc4400.o(.text)
    VADC0_G3_1_IRQHandler_Veneer             0x080008fb   Thumb Code    14  startup_xmc4400.o(.text)
    VADC0_G3_2_IRQHandler                    0x08000909   Thumb Code     2  startup_xmc4400.o(.text)
    VADC0_G3_2_IRQHandler_Veneer             0x0800090b   Thumb Code    14  startup_xmc4400.o(.text)
    VADC0_G3_3_IRQHandler                    0x08000919   Thumb Code     2  startup_xmc4400.o(.text)
    VADC0_G3_3_IRQHandler_Veneer             0x0800091b   Thumb Code    14  startup_xmc4400.o(.text)
    DSD0_0_IRQHandler                        0x08000929   Thumb Code     2  startup_xmc4400.o(.text)
    DSD0_0_IRQHandler_Veneer                 0x0800092b   Thumb Code    14  startup_xmc4400.o(.text)
    DSD0_1_IRQHandler                        0x08000939   Thumb Code     2  startup_xmc4400.o(.text)
    DSD0_1_IRQHandler_Veneer                 0x0800093b   Thumb Code    14  startup_xmc4400.o(.text)
    DSD0_2_IRQHandler                        0x08000949   Thumb Code     2  startup_xmc4400.o(.text)
    DSD0_2_IRQHandler_Veneer                 0x0800094b   Thumb Code    14  startup_xmc4400.o(.text)
    DSD0_3_IRQHandler                        0x08000959   Thumb Code     2  startup_xmc4400.o(.text)
    DSD0_3_IRQHandler_Veneer                 0x0800095b   Thumb Code    14  startup_xmc4400.o(.text)
    DSD0_4_IRQHandler                        0x08000969   Thumb Code     2  startup_xmc4400.o(.text)
    DSD0_4_IRQHandler_Veneer                 0x0800096b   Thumb Code    14  startup_xmc4400.o(.text)
    DSD0_5_IRQHandler                        0x08000979   Thumb Code     2  startup_xmc4400.o(.text)
    DSD0_5_IRQHandler_Veneer                 0x0800097b   Thumb Code    14  startup_xmc4400.o(.text)
    DSD0_6_IRQHandler                        0x08000989   Thumb Code     2  startup_xmc4400.o(.text)
    DSD0_6_IRQHandler_Veneer                 0x0800098b   Thumb Code    14  startup_xmc4400.o(.text)
    DSD0_7_IRQHandler                        0x08000999   Thumb Code     2  startup_xmc4400.o(.text)
    DSD0_7_IRQHandler_Veneer                 0x0800099b   Thumb Code    14  startup_xmc4400.o(.text)
    DAC0_0_IRQHandler                        0x080009a9   Thumb Code     2  startup_xmc4400.o(.text)
    DAC0_0_IRQHandler_Veneer                 0x080009ab   Thumb Code    14  startup_xmc4400.o(.text)
    DAC0_1_IRQHandler                        0x080009b9   Thumb Code     2  startup_xmc4400.o(.text)
    DAC0_1_IRQHandler_Veneer                 0x080009bb   Thumb Code    14  startup_xmc4400.o(.text)
    CCU40_0_IRQHandler                       0x080009c9   Thumb Code     2  startup_xmc4400.o(.text)
    CCU40_0_IRQHandler_Veneer                0x080009cb   Thumb Code    14  startup_xmc4400.o(.text)
    CCU40_1_IRQHandler                       0x080009d9   Thumb Code     2  startup_xmc4400.o(.text)
    CCU40_1_IRQHandler_Veneer                0x080009db   Thumb Code    14  startup_xmc4400.o(.text)
    CCU40_2_IRQHandler                       0x080009e9   Thumb Code     2  startup_xmc4400.o(.text)
    CCU40_2_IRQHandler_Veneer                0x080009eb   Thumb Code    14  startup_xmc4400.o(.text)
    CCU40_3_IRQHandler                       0x080009f9   Thumb Code     2  startup_xmc4400.o(.text)
    CCU40_3_IRQHandler_Veneer                0x080009fb   Thumb Code    14  startup_xmc4400.o(.text)
    CCU41_0_IRQHandler                       0x08000a09   Thumb Code     2  startup_xmc4400.o(.text)
    CCU41_0_IRQHandler_Veneer                0x08000a0b   Thumb Code    14  startup_xmc4400.o(.text)
    CCU41_1_IRQHandler                       0x08000a19   Thumb Code     2  startup_xmc4400.o(.text)
    CCU41_1_IRQHandler_Veneer                0x08000a1b   Thumb Code    14  startup_xmc4400.o(.text)
    CCU41_2_IRQHandler                       0x08000a29   Thumb Code     2  startup_xmc4400.o(.text)
    CCU41_2_IRQHandler_Veneer                0x08000a2b   Thumb Code    14  startup_xmc4400.o(.text)
    CCU41_3_IRQHandler                       0x08000a39   Thumb Code     2  startup_xmc4400.o(.text)
    CCU41_3_IRQHandler_Veneer                0x08000a3b   Thumb Code    14  startup_xmc4400.o(.text)
    CCU42_0_IRQHandler                       0x08000a49   Thumb Code     2  startup_xmc4400.o(.text)
    CCU42_0_IRQHandler_Veneer                0x08000a4b   Thumb Code    14  startup_xmc4400.o(.text)
    CCU42_1_IRQHandler                       0x08000a59   Thumb Code     2  startup_xmc4400.o(.text)
    CCU42_1_IRQHandler_Veneer                0x08000a5b   Thumb Code    14  startup_xmc4400.o(.text)
    CCU42_2_IRQHandler                       0x08000a69   Thumb Code     2  startup_xmc4400.o(.text)
    CCU42_2_IRQHandler_Veneer                0x08000a6b   Thumb Code    14  startup_xmc4400.o(.text)
    CCU42_3_IRQHandler                       0x08000a79   Thumb Code     2  startup_xmc4400.o(.text)
    CCU42_3_IRQHandler_Veneer                0x08000a7b   Thumb Code    14  startup_xmc4400.o(.text)
    CCU43_0_IRQHandler                       0x08000a89   Thumb Code     2  startup_xmc4400.o(.text)
    CCU43_0_IRQHandler_Veneer                0x08000a8b   Thumb Code    14  startup_xmc4400.o(.text)
    CCU43_1_IRQHandler                       0x08000a99   Thumb Code     2  startup_xmc4400.o(.text)
    CCU43_1_IRQHandler_Veneer                0x08000a9b   Thumb Code    14  startup_xmc4400.o(.text)
    CCU43_2_IRQHandler                       0x08000aa9   Thumb Code     2  startup_xmc4400.o(.text)
    CCU43_2_IRQHandler_Veneer                0x08000aab   Thumb Code    14  startup_xmc4400.o(.text)
    CCU43_3_IRQHandler                       0x08000ab9   Thumb Code     2  startup_xmc4400.o(.text)
    CCU43_3_IRQHandler_Veneer                0x08000abb   Thumb Code    14  startup_xmc4400.o(.text)
    CCU80_0_IRQHandler                       0x08000ac9   Thumb Code     2  startup_xmc4400.o(.text)
    CCU80_0_IRQHandler_Veneer                0x08000acb   Thumb Code    14  startup_xmc4400.o(.text)
    CCU80_1_IRQHandler                       0x08000ad9   Thumb Code     2  startup_xmc4400.o(.text)
    CCU80_1_IRQHandler_Veneer                0x08000adb   Thumb Code    14  startup_xmc4400.o(.text)
    CCU80_2_IRQHandler                       0x08000ae9   Thumb Code     2  startup_xmc4400.o(.text)
    CCU80_2_IRQHandler_Veneer                0x08000aeb   Thumb Code    14  startup_xmc4400.o(.text)
    CCU80_3_IRQHandler                       0x08000af9   Thumb Code     2  startup_xmc4400.o(.text)
    CCU80_3_IRQHandler_Veneer                0x08000afb   Thumb Code    14  startup_xmc4400.o(.text)
    CCU81_0_IRQHandler                       0x08000b09   Thumb Code     2  startup_xmc4400.o(.text)
    CCU81_0_IRQHandler_Veneer                0x08000b0b   Thumb Code    14  startup_xmc4400.o(.text)
    CCU81_1_IRQHandler                       0x08000b19   Thumb Code     2  startup_xmc4400.o(.text)
    CCU81_1_IRQHandler_Veneer                0x08000b1b   Thumb Code    14  startup_xmc4400.o(.text)
    CCU81_2_IRQHandler                       0x08000b29   Thumb Code     2  startup_xmc4400.o(.text)
    CCU81_2_IRQHandler_Veneer                0x08000b2b   Thumb Code    14  startup_xmc4400.o(.text)
    CCU81_3_IRQHandler                       0x08000b39   Thumb Code     2  startup_xmc4400.o(.text)
    CCU81_3_IRQHandler_Veneer                0x08000b3b   Thumb Code    14  startup_xmc4400.o(.text)
    POSIF0_0_IRQHandler                      0x08000b49   Thumb Code     2  startup_xmc4400.o(.text)
    POSIF0_0_IRQHandler_Veneer               0x08000b4b   Thumb Code    14  startup_xmc4400.o(.text)
    POSIF0_1_IRQHandler                      0x08000b59   Thumb Code     2  startup_xmc4400.o(.text)
    POSIF0_1_IRQHandler_Veneer               0x08000b5b   Thumb Code    14  startup_xmc4400.o(.text)
    POSIF1_0_IRQHandler                      0x08000b69   Thumb Code     2  startup_xmc4400.o(.text)
    POSIF1_0_IRQHandler_Veneer               0x08000b6b   Thumb Code    14  startup_xmc4400.o(.text)
    POSIF1_1_IRQHandler                      0x08000b79   Thumb Code     2  startup_xmc4400.o(.text)
    POSIF1_1_IRQHandler_Veneer               0x08000b7b   Thumb Code    14  startup_xmc4400.o(.text)
    HRPWM_0_IRQHandler                       0x08000b89   Thumb Code     2  startup_xmc4400.o(.text)
    HRPWM_0_IRQHandler_Veneer                0x08000b8b   Thumb Code    14  startup_xmc4400.o(.text)
    HRPWM_1_IRQHandler                       0x08000b99   Thumb Code     2  startup_xmc4400.o(.text)
    HRPWM_1_IRQHandler_Veneer                0x08000b9b   Thumb Code    14  startup_xmc4400.o(.text)
    HRPWM_2_IRQHandler                       0x08000ba9   Thumb Code     2  startup_xmc4400.o(.text)
    HRPWM_2_IRQHandler_Veneer                0x08000bab   Thumb Code    14  startup_xmc4400.o(.text)
    HRPWM_3_IRQHandler                       0x08000bb9   Thumb Code     2  startup_xmc4400.o(.text)
    HRPWM_3_IRQHandler_Veneer                0x08000bbb   Thumb Code    14  startup_xmc4400.o(.text)
    CAN0_0_IRQHandler                        0x08000bc9   Thumb Code     2  startup_xmc4400.o(.text)
    CAN0_0_IRQHandler_Veneer                 0x08000bcb   Thumb Code    14  startup_xmc4400.o(.text)
    CAN0_1_IRQHandler                        0x08000bd9   Thumb Code     2  startup_xmc4400.o(.text)
    CAN0_1_IRQHandler_Veneer                 0x08000bdb   Thumb Code    14  startup_xmc4400.o(.text)
    CAN0_2_IRQHandler                        0x08000be9   Thumb Code     2  startup_xmc4400.o(.text)
    CAN0_2_IRQHandler_Veneer                 0x08000beb   Thumb Code    14  startup_xmc4400.o(.text)
    CAN0_3_IRQHandler                        0x08000bf9   Thumb Code     2  startup_xmc4400.o(.text)
    CAN0_3_IRQHandler_Veneer                 0x08000bfb   Thumb Code    14  startup_xmc4400.o(.text)
    CAN0_4_IRQHandler                        0x08000c09   Thumb Code     2  startup_xmc4400.o(.text)
    CAN0_4_IRQHandler_Veneer                 0x08000c0b   Thumb Code    14  startup_xmc4400.o(.text)
    CAN0_5_IRQHandler                        0x08000c19   Thumb Code     2  startup_xmc4400.o(.text)
    CAN0_5_IRQHandler_Veneer                 0x08000c1b   Thumb Code    14  startup_xmc4400.o(.text)
    CAN0_6_IRQHandler                        0x08000c29   Thumb Code     2  startup_xmc4400.o(.text)
    CAN0_6_IRQHandler_Veneer                 0x08000c2b   Thumb Code    14  startup_xmc4400.o(.text)
    CAN0_7_IRQHandler                        0x08000c39   Thumb Code     2  startup_xmc4400.o(.text)
    CAN0_7_IRQHandler_Veneer                 0x08000c3b   Thumb Code    14  startup_xmc4400.o(.text)
    USIC0_0_IRQHandler                       0x08000c49   Thumb Code     2  startup_xmc4400.o(.text)
    USIC0_0_IRQHandler_Veneer                0x08000c4b   Thumb Code    14  startup_xmc4400.o(.text)
    USIC0_1_IRQHandler                       0x08000c59   Thumb Code     2  startup_xmc4400.o(.text)
    USIC0_1_IRQHandler_Veneer                0x08000c5b   Thumb Code    14  startup_xmc4400.o(.text)
    USIC0_2_IRQHandler                       0x08000c69   Thumb Code     2  startup_xmc4400.o(.text)
    USIC0_2_IRQHandler_Veneer                0x08000c6b   Thumb Code    14  startup_xmc4400.o(.text)
    USIC0_3_IRQHandler                       0x08000c79   Thumb Code     2  startup_xmc4400.o(.text)
    USIC0_3_IRQHandler_Veneer                0x08000c7b   Thumb Code    14  startup_xmc4400.o(.text)
    USIC0_4_IRQHandler                       0x08000c89   Thumb Code     2  startup_xmc4400.o(.text)
    USIC0_4_IRQHandler_Veneer                0x08000c8b   Thumb Code    14  startup_xmc4400.o(.text)
    USIC0_5_IRQHandler                       0x08000c99   Thumb Code     2  startup_xmc4400.o(.text)
    USIC0_5_IRQHandler_Veneer                0x08000c9b   Thumb Code    14  startup_xmc4400.o(.text)
    USIC1_0_IRQHandler                       0x08000ca9   Thumb Code     2  startup_xmc4400.o(.text)
    USIC1_0_IRQHandler_Veneer                0x08000cab   Thumb Code    14  startup_xmc4400.o(.text)
    USIC1_1_IRQHandler                       0x08000cb9   Thumb Code     2  startup_xmc4400.o(.text)
    USIC1_1_IRQHandler_Veneer                0x08000cbb   Thumb Code    14  startup_xmc4400.o(.text)
    USIC1_2_IRQHandler                       0x08000cc9   Thumb Code     2  startup_xmc4400.o(.text)
    USIC1_2_IRQHandler_Veneer                0x08000ccb   Thumb Code    14  startup_xmc4400.o(.text)
    USIC1_3_IRQHandler                       0x08000cd9   Thumb Code     2  startup_xmc4400.o(.text)
    USIC1_3_IRQHandler_Veneer                0x08000cdb   Thumb Code    14  startup_xmc4400.o(.text)
    USIC1_4_IRQHandler                       0x08000ce9   Thumb Code     2  startup_xmc4400.o(.text)
    USIC1_4_IRQHandler_Veneer                0x08000ceb   Thumb Code    14  startup_xmc4400.o(.text)
    USIC1_5_IRQHandler                       0x08000cf9   Thumb Code     2  startup_xmc4400.o(.text)
    USIC1_5_IRQHandler_Veneer                0x08000cfb   Thumb Code    14  startup_xmc4400.o(.text)
    LEDTS0_0_IRQHandler                      0x08000d09   Thumb Code     2  startup_xmc4400.o(.text)
    LEDTS0_0_IRQHandler_Veneer               0x08000d0b   Thumb Code    14  startup_xmc4400.o(.text)
    FCE0_0_IRQHandler                        0x08000d19   Thumb Code     2  startup_xmc4400.o(.text)
    FCE0_0_IRQHandler_Veneer                 0x08000d1b   Thumb Code    14  startup_xmc4400.o(.text)
    GPDMA0_0_IRQHandler                      0x08000d29   Thumb Code     2  startup_xmc4400.o(.text)
    GPDMA0_0_IRQHandler_Veneer               0x08000d2b   Thumb Code    14  startup_xmc4400.o(.text)
    USB0_0_IRQHandler                        0x08000d39   Thumb Code     2  startup_xmc4400.o(.text)
    USB0_0_IRQHandler_Veneer                 0x08000d3b   Thumb Code    14  startup_xmc4400.o(.text)
    ETH0_0_IRQHandler                        0x08000d49   Thumb Code     2  startup_xmc4400.o(.text)
    ETH0_0_IRQHandler_Veneer                 0x08000d4b   Thumb Code    14  startup_xmc4400.o(.text)
    SystemInit_DAVE3                         0x08000d59   Thumb Code     4  startup_xmc4400.o(.text)
    AllowPLLInitByStartup                    0x08000d5d   Thumb Code     6  startup_xmc4400.o(.text)
    main                                     0x08000d8b   Thumb Code    14  main.o(.text)
    vApplicationMallocFailedHook             0x08000d99   Thumb Code    22  main.o(.text)
    vApplicationIdleHook                     0x08000daf   Thumb Code     2  main.o(.text)
    vApplicationStackOverflowHook            0x08000db1   Thumb Code    22  main.o(.text)
    vApplicationTickHook                     0x08000dc7   Thumb Code     2  main.o(.text)
    main_blinky                              0x08000e6f   Thumb Code    72  main_blinky.o(.text)
    xTimerGenericCommand                     0x08000f21   Thumb Code   126  timers.o(.text)
    xTimerCreateTimerTask                    0x08001315   Thumb Code    66  timers.o(.text)
    xTimerCreate                             0x080013af   Thumb Code    54  timers.o(.text)
    xTimerGetTimerDaemonTaskHandle           0x080013e5   Thumb Code    42  timers.o(.text)
    xTimerGetPeriod                          0x0800140f   Thumb Code    32  timers.o(.text)
    vTimerSetReloadMode                      0x0800142f   Thumb Code    70  timers.o(.text)
    uxTimerGetReloadMode                     0x08001475   Thumb Code    58  timers.o(.text)
    xTimerGetExpiryTime                      0x080014af   Thumb Code    34  timers.o(.text)
    pcTimerGetName                           0x080014d1   Thumb Code    32  timers.o(.text)
    xTimerIsTimerActive                      0x080014f1   Thumb Code    58  timers.o(.text)
    pvTimerGetTimerID                        0x0800152b   Thumb Code    44  timers.o(.text)
    vTimerSetTimerID                         0x08001557   Thumb Code    44  timers.o(.text)
    uxTimerGetTimerNumber                    0x08001583   Thumb Code     6  timers.o(.text)
    vTimerSetTimerNumber                     0x08001589   Thumb Code     4  timers.o(.text)
    vListInitialise                          0x080015a1   Thumb Code    26  list.o(.text)
    vListInitialiseItem                      0x080015bb   Thumb Code     6  list.o(.text)
    vListInsertEnd                           0x080015c1   Thumb Code    24  list.o(.text)
    vListInsert                              0x080015d9   Thumb Code    52  list.o(.text)
    uxListRemove                             0x0800160d   Thumb Code    40  list.o(.text)
    xQueueGenericReset                       0x08001635   Thumb Code   146  queue.o(.text)
    xQueueGenericCreate                      0x080016f1   Thumb Code   162  queue.o(.text)
    xQueueGenericSend                        0x080018ad   Thumb Code   420  queue.o(.text)
    xQueueCreateMutex                        0x08001a6f   Thumb Code    38  queue.o(.text)
    xQueueGiveMutexRecursive                 0x08001a95   Thumb Code    72  queue.o(.text)
    xQueueSemaphoreTake                      0x08001b0b   Thumb Code   434  queue.o(.text)
    xQueueTakeMutexRecursive                 0x08001cbd   Thumb Code    78  queue.o(.text)
    xQueueCreateCountingSemaphore            0x08001d0b   Thumb Code    92  queue.o(.text)
    xQueueGenericSendFromISR                 0x08001d67   Thumb Code   288  queue.o(.text)
    xQueueGiveFromISR                        0x08001e87   Thumb Code   266  queue.o(.text)
    xQueueReceive                            0x08001fbb   Thumb Code   356  queue.o(.text)
    xQueuePeek                               0x0800211f   Thumb Code   362  queue.o(.text)
    xQueueReceiveFromISR                     0x08002289   Thumb Code   238  queue.o(.text)
    xQueuePeekFromISR                        0x08002377   Thumb Code   176  queue.o(.text)
    uxQueueMessagesWaiting                   0x08002427   Thumb Code    48  queue.o(.text)
    uxQueueSpacesAvailable                   0x08002457   Thumb Code    48  queue.o(.text)
    uxQueueMessagesWaitingFromISR            0x08002487   Thumb Code    34  queue.o(.text)
    vQueueUnregisterQueue                    0x080024a9   Thumb Code    68  queue.o(.text)
    vQueueDelete                             0x080024ed   Thumb Code    44  queue.o(.text)
    uxQueueGetQueueNumber                    0x08002519   Thumb Code     6  queue.o(.text)
    vQueueSetQueueNumber                     0x0800251f   Thumb Code     4  queue.o(.text)
    ucQueueGetQueueType                      0x08002523   Thumb Code     8  queue.o(.text)
    xQueueIsQueueEmptyFromISR                0x0800252b   Thumb Code    42  queue.o(.text)
    xQueueIsQueueFullFromISR                 0x08002555   Thumb Code    46  queue.o(.text)
    vQueueAddToRegistry                      0x08002583   Thumb Code    88  queue.o(.text)
    pcQueueGetName                           0x080025db   Thumb Code    64  queue.o(.text)
    vQueueWaitForMessageRestricted           0x0800261b   Thumb Code    74  queue.o(.text)
    xTaskCreate                              0x0800282b   Thumb Code    96  tasks.o(.text)
    vTaskDelete                              0x080028c5   Thumb Code   202  tasks.o(.text)
    xTaskIncrementTick                       0x0800298f   Thumb Code   362  tasks.o(.text)
    xTaskResumeAll                           0x08002af9   Thumb Code   224  tasks.o(.text)
    vTaskSuspendAll                          0x08002c55   Thumb Code    12  tasks.o(.text)
    xTaskDelayUntil                          0x08002c61   Thumb Code   202  tasks.o(.text)
    vTaskDelay                               0x08002d2b   Thumb Code    82  tasks.o(.text)
    eTaskGetState                            0x08002d7d   Thumb Code   142  tasks.o(.text)
    uxTaskPriorityGet                        0x08002e0b   Thumb Code    30  tasks.o(.text)
    uxTaskPriorityGetFromISR                 0x08002e29   Thumb Code    62  tasks.o(.text)
    vTaskPrioritySet                         0x08002e67   Thumb Code   322  tasks.o(.text)
    vTaskSwitchContext                       0x08002fa9   Thumb Code   174  tasks.o(.text)
    vTaskSuspend                             0x08003057   Thumb Code   224  tasks.o(.text)
    vTaskResume                              0x08003187   Thumb Code   128  tasks.o(.text)
    xTaskResumeFromISR                       0x08003207   Thumb Code   164  tasks.o(.text)
    vTaskStartScheduler                      0x08003339   Thumb Code   122  tasks.o(.text)
    vTaskEndScheduler                        0x080033b3   Thumb Code    32  tasks.o(.text)
    xTaskGetTickCount                        0x080033d3   Thumb Code     6  tasks.o(.text)
    xTaskGetTickCountFromISR                 0x080033d9   Thumb Code    16  tasks.o(.text)
    uxTaskGetNumberOfTasks                   0x080033e9   Thumb Code     6  tasks.o(.text)
    pcTaskGetName                            0x080033ef   Thumb Code    44  tasks.o(.text)
    vTaskGetInfo                             0x08003431   Thumb Code   126  tasks.o(.text)
    uxTaskGetSystemState                     0x08003519   Thumb Code   152  tasks.o(.text)
    xTaskCatchUpTicks                        0x080035b1   Thumb Code    64  tasks.o(.text)
    vTaskPlaceOnEventList                    0x080035f1   Thumb Code    52  tasks.o(.text)
    vTaskPlaceOnUnorderedEventList           0x08003625   Thumb Code   100  tasks.o(.text)
    vTaskPlaceOnEventListRestricted          0x08003689   Thumb Code    60  tasks.o(.text)
    xTaskRemoveFromEventList                 0x080036c5   Thumb Code   208  tasks.o(.text)
    vTaskRemoveFromUnorderedEventList        0x08003795   Thumb Code   142  tasks.o(.text)
    vTaskSetTimeOutState                     0x08003823   Thumb Code    50  tasks.o(.text)
    vTaskInternalSetTimeOutState             0x08003855   Thumb Code    14  tasks.o(.text)
    xTaskCheckForTimeOut                     0x08003863   Thumb Code   136  tasks.o(.text)
    vTaskMissedYield                         0x080038eb   Thumb Code     8  tasks.o(.text)
    uxTaskGetTaskNumber                      0x080038f3   Thumb Code    14  tasks.o(.text)
    vTaskSetTaskNumber                       0x08003901   Thumb Code     8  tasks.o(.text)
    xTaskGetCurrentTaskHandle                0x08003909   Thumb Code     6  tasks.o(.text)
    xTaskGetSchedulerState                   0x0800390f   Thumb Code    24  tasks.o(.text)
    xTaskPriorityInherit                     0x08003927   Thumb Code   172  tasks.o(.text)
    xTaskPriorityDisinherit                  0x080039d3   Thumb Code   174  tasks.o(.text)
    vTaskPriorityDisinheritAfterTimeout      0x08003a81   Thumb Code   252  tasks.o(.text)
    uxTaskResetEventItemValue                0x08003b7d   Thumb Code    24  tasks.o(.text)
    pvTaskIncrementMutexHeldCount            0x08003b95   Thumb Code    26  tasks.o(.text)
    ulTaskGenericNotifyTake                  0x08003baf   Thumb Code   160  tasks.o(.text)
    xTaskGenericNotifyWait                   0x08003c4f   Thumb Code   196  tasks.o(.text)
    xTaskGenericNotify                       0x08003d13   Thumb Code   362  tasks.o(.text)
    xTaskGenericNotifyFromISR                0x08003e7d   Thumb Code   434  tasks.o(.text)
    vTaskGenericNotifyGiveFromISR            0x0800402f   Thumb Code   266  tasks.o(.text)
    xTaskGenericNotifyStateClear             0x08004139   Thumb Code    90  tasks.o(.text)
    ulTaskGenericNotifyValueClear            0x08004193   Thumb Code    58  tasks.o(.text)
    pxPortInitialiseStack                    0x08004225   Thumb Code    38  port.o(.text)
    vPortSetupTimerInterrupt                 0x0800424b   Thumb Code    36  port.o(.text)
    xPortStartScheduler                      0x0800426f   Thumb Code   372  port.o(.text)
    vPortEndScheduler                        0x080043e3   Thumb Code    42  port.o(.text)
    vPortEnterCritical                       0x0800440d   Thumb Code    78  port.o(.text)
    vPortExitCritical                        0x0800445b   Thumb Code    56  port.o(.text)
    SysTick_Handler                          0x08004493   Thumb Code    48  port.o(.text)
    vPortValidateInterruptPriority           0x080044c3   Thumb Code   108  port.o(.text)
    pvPortMalloc                             0x08004617   Thumb Code   348  heap_4.o(.text)
    vPortFree                                0x08004773   Thumb Code   150  heap_4.o(.text)
    xPortGetFreeHeapSize                     0x08004809   Thumb Code     6  heap_4.o(.text)
    xPortGetMinimumEverFreeHeapSize          0x0800480f   Thumb Code     6  heap_4.o(.text)
    vPortInitialiseBlocks                    0x08004815   Thumb Code     2  heap_4.o(.text)
    vPortGetHeapStats                        0x08004817   Thumb Code   104  heap_4.o(.text)
    __aeabi_memcpy                           0x080048a1   Thumb Code    36  memcpya.o(.text)
    __aeabi_memcpy4                          0x080048a1   Thumb Code     0  memcpya.o(.text)
    __aeabi_memcpy8                          0x080048a1   Thumb Code     0  memcpya.o(.text)
    __aeabi_memset                           0x080048c5   Thumb Code    14  memseta.o(.text)
    __aeabi_memset4                          0x080048c5   Thumb Code     0  memseta.o(.text)
    __aeabi_memset8                          0x080048c5   Thumb Code     0  memseta.o(.text)
    __aeabi_memclr                           0x080048d3   Thumb Code     4  memseta.o(.text)
    __aeabi_memclr4                          0x080048d3   Thumb Code     0  memseta.o(.text)
    __aeabi_memclr8                          0x080048d3   Thumb Code     0  memseta.o(.text)
    _memset$wrapper                          0x080048d7   Thumb Code    18  memseta.o(.text)
    __scatterload                            0x080048e9   Thumb Code    28  init.o(.text)
    __scatterload_rt2                        0x080048e9   Thumb Code     0  init.o(.text)
    __scatterload_copy                       0x0800490d   Thumb Code    14  handlers.o(i.__scatterload_copy)
    __scatterload_null                       0x0800491b   Thumb Code     2  handlers.o(i.__scatterload_null)
    __scatterload_zeroinit                   0x0800491d   Thumb Code    14  handlers.o(i.__scatterload_zeroinit)
    Region$$Table$$Base                      0x0800492c   Number         0  anon$$obj.o(Region$$Table)
    Region$$Table$$Limit                     0x0800494c   Number         0  anon$$obj.o(Region$$Table)
    SystemCoreClock                          0x20000000   Data           4  system_xmc4400.o(.data)
    pxCurrentTCB                             0x2000001c   Data           4  tasks.o(.data)
    uxTopUsedPriority                        0x20000054   Data           4  tasks.o(.data)
    xQueueRegistry                           0x200000b0   Data          64  queue.o(.bss)
    __initial_sp                             0x20005ec8   Data           0  startup_xmc4400.o(STACK)



==============================================================================

Memory Map of the image

  Image Entry point : 0x08000685

  Load Region LR_IROM1 (Base: 0x08000000, Size: 0x000049d4, Max: 0x00080000, ABSOLUTE)

    Execution Region ER_IROM1 (Exec base: 0x08000000, Load base: 0x08000000, Size: 0x0000494c, Max: 0x00080000, ABSOLUTE)

    Exec Addr    Load Addr    Size         Type   Attr      Idx    E Section Name        Object

    0x08000000   0x08000000   0x00000200   Data   RO           62    RESET               startup_xmc4400.o
    0x08000200   0x08000200   0x00000000   Code   RO          658  * .ARM.Collect$$$$00000000  mc_w.l(entry.o)
    0x08000200   0x08000200   0x00000004   Code   RO          671    .ARM.Collect$$$$00000001  mc_w.l(entry2.o)
    0x08000204   0x08000204   0x00000004   Code   RO          674    .ARM.Collect$$$$00000004  mc_w.l(entry5.o)
    0x08000208   0x08000208   0x00000000   Code   RO          676    .ARM.Collect$$$$00000008  mc_w.l(entry7b.o)
    0x08000208   0x08000208   0x00000000   Code   RO          678    .ARM.Collect$$$$0000000A  mc_w.l(entry8b.o)
    0x08000208   0x08000208   0x00000008   Code   RO          679    .ARM.Collect$$$$0000000B  mc_w.l(entry9a.o)
    0x08000210   0x08000210   0x00000000   Code   RO          681    .ARM.Collect$$$$0000000D  mc_w.l(entry10a.o)
    0x08000210   0x08000210   0x00000000   Code   RO          683    .ARM.Collect$$$$0000000F  mc_w.l(entry11a.o)
    0x08000210   0x08000210   0x00000004   Code   RO          672    .ARM.Collect$$$$00002712  mc_w.l(entry2.o)
    0x08000214   0x08000214   0x000000c6   Code   RO          386    .emb_text           port.o
    0x080002da   0x080002da   0x00000002   PAD
    0x080002dc   0x080002dc   0x000003a8   Code   RO            4    .text               system_xmc4400.o
    0x08000684   0x08000684   0x000006e0   Code   RO           63  * .text               startup_xmc4400.o
    0x08000d64   0x08000d64   0x00000070   Code   RO           70    .text               main.o
    0x08000dd4   0x08000dd4   0x000000fc   Code   RO          212    .text               main_blinky.o
    0x08000ed0   0x08000ed0   0x000006d0   Code   RO          238    .text               timers.o
    0x080015a0   0x080015a0   0x00000094   Code   RO          280    .text               list.o
    0x08001634   0x08001634   0x00001034   Code   RO          307    .text               queue.o
    0x08002668   0x08002668   0x00001b80   Code   RO          352    .text               tasks.o
    0x080041e8   0x080041e8   0x0000036c   Code   RO          387    .text               port.o
    0x08004554   0x08004554   0x0000034c   Code   RO          434    .text               heap_4.o
    0x080048a0   0x080048a0   0x00000024   Code   RO          661    .text               mc_w.l(memcpya.o)
    0x080048c4   0x080048c4   0x00000024   Code   RO          663    .text               mc_w.l(memseta.o)
    0x080048e8   0x080048e8   0x00000024   Code   RO          686    .text               mc_w.l(init.o)
    0x0800490c   0x0800490c   0x0000000e   Code   RO          690    i.__scatterload_copy  mc_w.l(handlers.o)
    0x0800491a   0x0800491a   0x00000002   Code   RO          691    i.__scatterload_null  mc_w.l(handlers.o)
    0x0800491c   0x0800491c   0x0000000e   Code   RO          692    i.__scatterload_zeroinit  mc_w.l(handlers.o)
    0x0800492a   0x0800492a   0x00000002   PAD
    0x0800492c   0x0800492c   0x00000020   Data   RO          688    Region$$Table       anon$$obj.o


    Execution Region RW_IRAM2 (Exec base: 0x1fffc000, Load base: 0x080049d4, Size: 0x00000000, Max: 0x00004000, ABSOLUTE)

    **** No section assigned to this execution region ****


    Execution Region RW_IRAM1 (Exec base: 0x20000000, Load base: 0x0800494c, Size: 0x00005ec8, Max: 0x0000ffc0, ABSOLUTE)

    Exec Addr    Load Addr    Size         Type   Attr      Idx    E Section Name        Object

    0x20000000   0x0800494c   0x00000004   Data   RW            5    .data               system_xmc4400.o
    0x20000004   0x08004950   0x00000004   Data   RW          213    .data               main_blinky.o
    0x20000008   0x08004954   0x00000014   Data   RW          240    .data               timers.o
    0x2000001c   0x08004968   0x00000040   Data   RW          354    .data               tasks.o
    0x2000005c   0x080049a8   0x0000000c   Data   RW          388    .data               port.o
    0x20000068   0x080049b4   0x00000020   Data   RW          436    .data               heap_4.o
    0x20000088        -       0x00000028   Zero   RW          239    .bss                timers.o
    0x200000b0        -       0x00000040   Zero   RW          308    .bss                queue.o
    0x200000f0        -       0x000000c8   Zero   RW          353    .bss                tasks.o
    0x200001b8        -       0x00005910   Zero   RW          435    .bss                heap_4.o
    0x20005ac8        -       0x00000400   Zero   RW           60    STACK               startup_xmc4400.o


==============================================================================

Image component sizes


      Code (inc. data)   RO Data    RW Data    ZI Data      Debug   Object Name

       844         34          0         32      22800       4370   heap_4.o
       148          0          0          0          0       2114   list.o
       112         12          0          0          0      45399   main.o
       252         26          0          4          0       1390   main_blinky.o
         0          0          0          0          0       7424   main_full.o
      1074         56          0         12          0       9143   port.o
      4148         20          0          0         64      33376   queue.o
      1760        664        512          0       1024      10620   startup_xmc4400.o
       936         56          0          4          0     475301   system_xmc4400.o
      7040        362          0         64        200      35277   tasks.o
      1744         68          0         20         40      15299   timers.o

    ----------------------------------------------------------------------
     18060       1298        544        136      24128     639713   Object Totals
         0          0         32          0          0          0   (incl. Generated)
         2          0          0          0          0          0   (incl. Padding)

    ----------------------------------------------------------------------

      Code (inc. data)   RO Data    RW Data    ZI Data      Debug   Library Member Name

         0          0          0          0          0          0   entry.o
         0          0          0          0          0          0   entry10a.o
         0          0          0          0          0          0   entry11a.o
         8          4          0          0          0          0   entry2.o
         4          0          0          0          0          0   entry5.o
         0          0          0          0          0          0   entry7b.o
         0          0          0          0          0          0   entry8b.o
         8          4          0          0          0          0   entry9a.o
        30          0          0          0          0          0   handlers.o
        36          8          0          0          0         68   init.o
        36          0          0          0          0         68   memcpya.o
        36          0          0          0          0        108   memseta.o

    ----------------------------------------------------------------------
       160         16          0          0          0        244   Library Totals
         2          0          0          0          0          0   (incl. Padding)

    ----------------------------------------------------------------------

      Code (inc. data)   RO Data    RW Data    ZI Data      Debug   Library Name

       158         16          0          0          0        244   mc_w.l

    ----------------------------------------------------------------------
       160         16          0          0          0        244   Library Totals

    ----------------------------------------------------------------------

==============================================================================


      Code (inc. data)   RO Data    RW Data    ZI Data      Debug   

     18220       1314        544        136      24128     638009   Grand Totals
     18220       1314        544        136      24128     638009   ELF Image Totals
     18220       1314        544        136          0          0   ROM Totals

==============================================================================

    Total RO  Size (Code + RO Data)                18764 (  18.32kB)
    Total RW  Size (RW Data + ZI Data)             24264 (  23.70kB)
    Total ROM Size (Code + RO Data + RW Data)      18900 (  18.46kB)

==============================================================================

