<html>
<body>
<pre>
<h1>礦ision Build Log</h1>
<h2>Tool Versions:</h2>
IDE-Version: μVision V5.26.2.0
Copyright (C) 2018 ARM Ltd and ARM Germany GmbH. All rights reserved.
License Information: 11 7720293, HP Inc., LIC=ZB4FW-QGQUM-8T63P-MGAZA-K0DQJ-A2N6G
 
Tool Versions:
Toolchain:       MDK-ARM Plus  Version: 5.26.2.0
Toolchain Path:  D:\keil_v5\ARM\ARMCC\Bin
C Compiler:      Armcc.exe V5.06 update 6 (build 750)
Assembler:       Armasm.exe V5.06 update 6 (build 750)
Linker/Locator:  ArmLink.exe V5.06 update 6 (build 750)
Library Manager: ArmAr.exe V5.06 update 6 (build 750)
Hex Converter:   FromElf.exe V5.06 update 6 (build 750)
CPU DLL:         SARMCM3.DLL V5.26.2.0
Dialog DLL:      DCM.DLL V1.17.2.0
Target DLL:      Segger\JL2CM3.dll V2.99.31.0
Dialog DLL:      TCM.DLL V1.36.1.0
 
<h2>Project:</h2>
D:\study\XHY\XMCforgithub\XMC4400\FreeRTOS_GPIO_Blink_Task\FreeRTOS_GPIO_Blink.uvprojx
Project File Date:  04/25/2021

<h2>Output:</h2>
*** Using Compiler 'V5.06 update 6 (build 750)', folder: 'D:\keil_v5\ARM\ARMCC\Bin'
Build target 'Project'
compiling Task.c...
freertos\Source\Task.c(37): warning:  #177-D: variable "x"  was declared but never referenced
  	UBaseType_t x;
freertos\Source\Task.c(29): warning:  #177-D: function "prvInitialiseNewTask"  was declared but never referenced
  static void prvInitialiseNewTask( 	TaskFunction_t pxTaskCode,              //任务入口
freertos\Source\Task.c: 2 warnings, 0 errors
linking...
Program Size: Code=1832 RO-data=528 RW-data=0 ZI-data=2688  
".\Objects\DEMO.axf" - 0 Error(s), 2 Warning(s).

<h2>Software Packages used:</h2>

Package Vendor: ARM
                http://www.keil.com/pack/ARM.CMSIS.5.4.0.pack
                ARM.CMSIS.5.4.0
                CMSIS (Cortex Microcontroller Software Interface Standard)
   * Component: CORE Version: 5.1.2

Package Vendor: Infineon
                http://dave.infineon.com/Libraries/CMSIS_PACK/Infineon.XMC4000_DFP.2.11.0.pack
                Infineon.XMC4000_DFP.2.11.0
                Infineon XMC4000 Series Device Support, Drivers and Examples
      Note: The new PACK download address is http://dave.infineon.com/Libraries/CMSIS_PACK/
   * Component: RTE_Device Version: 1.1.0
   * Component: Startup Version: 2.2.0
   * Component: DAC Version: 2.1.18
   * Component: GPIO Version: 2.1.18
   * Component: SCU Version: 2.1.18
   * Component: UART Version: 2.1.18

<h2>Collection of Component include folders:</h2>
  .\RTE\Device\XMC4400-F100x512
  .\RTE\_Project
  D:\keil_v5\ARM\PACK\ARM\CMSIS\5.4.0\CMSIS\Core\Include
  D:\keil_v5\ARM\PACK\Infineon\XMC4000_DFP\2.11.0\Device\XMC4400_series\Include
  D:\keil_v5\ARM\PACK\Infineon\XMC4000_DFP\2.11.0\Device\XMClib\inc
  D:\keil_v5\ARM\PACK\Infineon\XMC4000_DFP\2.11.0\RTE_Driver

<h2>Collection of Component Files used:</h2>

   * Component: ARM::CMSIS:CORE:5.1.2

   * Component: Infineon::Device:RTE_Device:1.1.0
      Include file:  RTE_Driver\Config\XMC4400_F100\RTE_Device.h

   * Component: Infineon::Device:Startup:2.2.0
      Source file:   Device\XMC4400_series\Source\ARM\startup_XMC4400.s
      Source file:   Device\XMC4400_series\Source\system_XMC4400.c
      Include file:  Device\XMC4400_series\Include\XMC4400.h

   * Component: Infineon::Device:XMClib:DAC:2.1.18
      Source file:   Device\XMClib\src\xmc_common.c
      Source file:   Device\XMClib\src\xmc_dac.c

   * Component: Infineon::Device:XMClib:GPIO:2.1.18
      Source file:   Device\XMClib\src\xmc_gpio.c
      Source file:   Device\XMClib\src\xmc4_gpio.c
      Source file:   Device\XMClib\src\xmc_common.c

   * Component: Infineon::Device:XMClib:SCU:2.1.18
      Source file:   Device\XMClib\src\xmc4_scu.c
      Source file:   Device\XMClib\src\xmc_common.c

   * Component: Infineon::Device:XMClib:UART:2.1.18
      Source file:   Device\XMClib\src\xmc_usic.c
      Source file:   Device\XMClib\src\xmc_uart.c
      Source file:   Device\XMClib\src\xmc_common.c
Build Time Elapsed:  00:00:00
</pre>
</body>
</html>
